1 1 1 3 1 460 2 1 1 1 1 1 1 1 1 3 1 2 2 2 1 2 1 1 2 2 1 1 2 1 1 2 1 1 1 1 3 2 1 1 1 1 259 1 2 1 1 2 1 4 1 1 1 1 1 1 1 1 2 1 1 2 208 1 1 1 1 1 1 1 1 3 1 1 1 16 1 1 36 1 1 1 2 1 2 1 2 1 1 1 1 3 3 1 449 2 1 1 2 1 1 2 1 1 1 274 1 1 1 1 1 1 1 2 1 2 1 1 1 3 1 2 1 15 1 1 1 1 1 1 273 1 1 1 2 1 63 1 2 1 1 1 1 1 1 6 1 1 1 325 1 1 2 1 2 1 1 1 1 1 1 2 1 1 1 2 1 1 1 1 1 1 3 2 2 1 1 3 2 2 263 1 2 1 1 1 1 1 1 1 1 1 2 1 1 1 1 1 1 64 1 1 1 1 1 1 2 1 1 139 1 1 4 1 1 1 1 2 1 1 1 2 1 1 1 2 159 1 1 1 1 1 1 2 1 2 1 1 1 112 1 3 1 1 1 1 1 5 1 1 1 1 3 1 1 1 1 1 3 1 2 1 1 1 1 1 3 1 2 2 1 1 1 1 3 1 1 1 2 1 2 166 1 1 1 138 1 1 1 1 1 1 1 1 2 1 2 1 2 2 1 1 1 1 1 2 2 111 2 1 1 1 1 1 1 1 2 1 4 1 1 1 1 1 1 1 2 1 1 1 1 1 4 1 1 2 1 2 2 2 1 1 1 1 1 1 1 2 2 1 2 1 1 1 1 2 1 1 2 1 1 1 2 1 2 2 1 3 1 1 1 2 3 1 2 1 1 1 1 1 1 1 1 1 3 1 2 1 1 2 2 1 2 1 1 1 1 1 2 1 1 1 1 1 1 1 1 2 4 1 167 1 1 1 2 1 2 2 1 1 1 2 1 2 1 1 1 1 1 1 2 2 1 1 245 1 102 1 1 1 1 1 1 1 5 1 1 1 1 1 4 1 2 1 1 12 2 1 1 1 2 
