1 2 2 1 1 81 1 1 1 2 3 1 1 1 3 181 1 68 2 1 1 1 1 1 2 1 2 2 1 3 1 1 1 2 2 1 1 1 3 1 1 1 1 2 2 1 1 3 1 1 1 3 2 1 1 1 1 1 1 1 1 1 1 1 1 2 5 1 2 2 2 1 1 1 1 1 1 1 1 1 2 2 1 1 2 1 1 1 1 1 1 2 1 1 1 1 1 1 1 1 1 1 2 1 1 1 1 1 1 237 1 1 1 1 1 3 1 1 1 363 1 1 1 4 1 1 1 2 1 1 1 1 4 1 1 1 2 1 1 2 1 1 1 3 1 2 282 1 1 2 1 2 1 1 2 1 1 1 2 2 1 1 213 2 1 2 1 1 1 1 1 1 2 1 1 1 1 1 1 1 1 308 1 1 2 2 1 1 1 1 3 1 2 1 1 1 1 1 1 1 1 1 1 1 1 1 1 1 1 1 1 1 1 1 1 1 1 3 1 1 1 1 1 1 1 1 1 1 1 3 2 1 1 1 1 1 1 1 1 1 2 1 1 2 1 1 1 2 1 1 1 1 2 1 1 1 1 2 1 1 1 1 3 5 1 178 1 1 1 1 1 1 1 2 1 1 1 1 6 1 2 2 1 1 2 1 1 2 1 1 1 1 1 1 1 1 220 1 2 2 1 1 1 1 1 2 1 1 3 1 1 1 2 1 2 2 1 1 1 2 1 1 2 1 1 1 1 1 2 1 2 1 2 1 3 3 1 1 138 1 1 2 2 1 1 1 1 1 2 1 1 1 1 1 1 1 1 1 221 1 1 1 1 164 1 2 1 1 1 1 1 1 303 2 1 2 2 1 1 1 1 1 2 2 2 1 1 1 1 1 1 1 1 2 1 1 1 3 1 1 1 1 1 2 1 1 1 133 1 1 5 2 1 1 1 1 1 1 3 23 2 1 1 2 1 1 4 1 1 2 148 1 2 2 1 326 1 1 1 1 1 2 1 1 1 1 1 1 2 3 1 1 1 1 2 2 4 1 4 99 1 1 3 1 1 1 2 1 313 1 1 1 1 1 4 1 1 
