1 1 1 35 1 1 1 1 2 1 1 1 1 1 1 1 1 2 2 1 3 1 1 1 1 91 1 383 1 1 1 253 1 124 1 1 1 1 3 3 55 1 1 2 1 1 1 1 1 2 1 1 1 1 1 1 1 1 2 1 6 1 1 1 2 1 1 1 2 2 1 1 1 1 1 1 1 1 1 1 4 2 3 1 1 2 2 2 1 3 1 9 1 2 1 152 1 1 2 1 2 1 1 3 1 1 2 1 1 1 1 2 1 4 1 1 2 1 1 1 7 1 2 1 1 1 1 1 1 1 1 2 1 1 1 1 1 1 1 3 1 2 1 1 1 1 1 1 1 1 1 1 1 2 2 1 1 1 2 4 1 1 1 2 3 1 67 1 1 2 1 1 1 46 26 252 1 3 2 1 3 1 2 1 1 1 1 1 70 3 1 2 1 3 1 385 1 1 1 1 1 1 1 1 1 231 3 1 1 1 1 2 1 1 2 1 3 1 1 1 1 2 1 1 1 1 1 1 1 1 1 1 1 2 1 1 1 1 1 2 1 1 3 1 2 2 1 1 1 1 1 1 1 1 1 2 4 1 1 1 1 1 1 3 1 3 1 103 1 2 1 1 2 2 2 3 1 2 1 1 1 2 1 1 1 1 1 1 1 1 384 1 1 3 63 1 1 1 2 1 1 1 2 1 2 1 3 1 1 1 1 1 1 1 1 1 1 377 1 1 1 2 1 1 2 1 2 1 1 1 2 1 1 1 3 1 1 1 1 230 2 1 1 1 1 1 1 1 1 1 1 1 2 1 1 2 1 1 1 1 2 3 1 2 1 1 1 3 1 1 354 1 1 3 1 2 1 1 1 38 1 1 1 1 1 2 1 1 1 1 3 1 2 1 1 3 1 2 1 1 1 1 4 1 1 1 1 1 1 1 2 2 3 1 2 1 3 1 2 1 1 2 1 1 1 1 1 1 1 1 1 1 1 1 1 1 2 1 1 2 1 2 1 2 1 2 1 2 1 1 2 1 1 
