2 2 1 3 4 3 3 4 4 1 3 8 1 2 4 2 1 2 1 2 1 9 3 2 1 2 11 3 1 1 6 1 4 2 1 2 1 4 1 2 1 1 3 1 1 1 2 4 4 2 2 8 3 3 5 7 1 2 3 1 1 4 4 1 1 4 1 1 6 2 1 2 3 5 1 1 2 1 3 1 1 3 8 1 3 1 1 1 2 2 3 1 1 1 3 5 5 2 1 1 1 6 4 2 5 6 1 1 1 3 7 2 1 2 5 1 1 1 4 2 5 1 2 6 1 2 1 4 3 1 1 5 3 5 3 2 1 1 1 1 1 8 3 5 1 3 14 1 13 1 1 2 4 1 1 4 2 1 2 2 2 1 1 1 8 1 1 1 3 2 4 1 1 1 12 3 1 2 1 1 3 10 1 1 1 2 3 7 1 1 1 2 2 1 5 1 3 2 1 2 5 1 6 1 1 1 1 4 1 2 4 6 2 1 1 6 3 6 1 12 2 5 1 7 3 2 1 4 1 3 3 1 1 10 2 1 3 1 4 3 2 3 6 1 7 3 1 1 5 4 3 5 2 4 8 2 1 3 1 4 1 3 4 1 2 2 5 3 7 2 1 1 1 2 1 6 1 6 1 3 1 1 1 2 1 1 1 1 1 4 4 5 1 2 1 7 3 1 5 1 2 3 3 11 1 3 2 3 3 1 1 2 2 5 4 5 2 1 2 4 1 1 3 1 4 2 3 3 5 5 1 1 5 5 1 5 4 6 3 1 3 1 1 3 5 3 7 5 4 1 3 1 2 1 8 6 1 3 1 5 1 5 4 4 1 1 6 1 6 1 1 1 5 1 2 1 3 1 1 4 1 3 3 1 5 4 3 3 4 2 2 5 1 3 1 2 1 2 3 1 1 1 1 1 1 2 1 7 2 1 2 5 2 3 4 10 
