4 1 1 1 1 1 1 2 1 1 1 1 1 1 2 1 118 1 1 3 1 71 431 1 1 2 1 2 3 1 1 1 1 1 3 2 252 58 3 2 1 1 1 1 323 3 1 2 2 1 1 2 1 1 1 1 2 1 4 1 1 1 1 1 1 3 2 1 3 242 1 1 1 3 2 1 1 1 1 1 1 2 1 1 1 1 1 2 1 110 1 2 1 1 1 1 1 1 1 1 1 1 1 1 1 1 1 1 1 2 1 1 1 1 2 1 1 113 1 1 1 1 1 1 1 1 2 1 1 2 1 3 1 1 2 1 1 1 1 1 1 1 1 1 1 1 1 2 1 1 1 1 1 1 2 2 1 1 1 2 1 1 2 1 2 1 1 2 1 1 1 1 1 1 1 3 2 1 1 2 1 1 1 1 1 2 1 2 1 4 1 107 1 1 1 2 1 1 1 1 123 2 1 1 1 1 1 1 1 1 2 1 1 1 1 1 1 1 1 1 1 1 267 1 391 2 1 1 357 1 1 1 1 59 2 1 1 1 1 1 1 1 1 2 1 1 1 1 2 1 3 1 1 124 1 1 2 1 1 2 2 1 2 2 1 1 1 2 1 1 1 1 1 3 1 1 1 1 1 1 1 3 1 1 44 1 1 1 1 1 2 1 1 1 1 2 1 2 1 1 1 1 1 2 1 1 2 1 1 3 1 1 1 1 1 1 2 1 1 1 1 1 2 1 1 1 325 2 1 1 1 1 1 1 1 1 2 1 1 1 1 1 1 1 1 1 1 1 1 1 1 142 1 1 1 1 2 1 1 1 1 2 1 1 1 1 2 2 1 1 1 1 1 1 1 1 1 1 1 1 1 1 3 1 1 1 1 116 1 1 1 1 1 1 1 1 1 1 1 1 2 1 1 2 2 1 1 1 2 2 1 1 2 1 2 1 1 1 1 1 2 401 2 1 1 1 1 2 1 1 1 3 1 1 2 2 1 1 1 2 1 1 1 2 1 2 2 1 1 1 2 2 1 1 
