1 2 103 1 2 4 147 3 1 1 1 2 1 1 1 2 1 3 1 1 1 2 1 4 1 1 3 1 2 2 1 2 2 2 1 1 1 1 1 1 1 1 2 2 1 1 1 365 1 1 3 267 1 1 2 1 1 35 1 237 1 2 1 1 1 1 2 1 1 1 2 2 1 1 1 1 1 1 1 2 1 1 171 1 1 1 2 2 1 1 1 1 1 1 1 1 2 1 1 1 2 1 1 1 1 1 1 3 333 2 1 1 1 1 1 3 1 1 1 1 1 2 2 1 2 1 1 1 1 1 3 1 1 1 1 1 1 1 2 2 1 1 3 1 5 2 2 1 2 1 2 2 1 1 1 2 1 1 1 4 1 1 3 1 1 1 1 205 1 1 3 1 1 1 1 1 1 1 2 1 1 1 1 1 1 1 2 1 2 1 1 1 4 2 1 2 2 2 1 1 1 1 2 1 1 1 1 1 1 3 1 1 1 1 3 1 1 357 1 1 1 1 2 1 2 1 1 1 1 2 2 1 1 2 1 1 1 2 1 2 1 4 3 1 2 1 1 1 1 1 2 1 1 1 1 1 4 3 2 1 2 3 1 2 1 2 1 3 1 1 2 1 423 1 1 1 1 1 2 1 1 1 1 1 1 3 4 1 1 4 1 1 1 2 1 292 1 1 1 2 2 3 1 2 1 1 1 2 2 3 1 1 1 2 1 2 1 1 2 1 2 1 2 270 2 1 1 3 1 1 2 1 2 1 2 3 1 308 1 1 1 1 1 2 1 1 3 4 1 1 1 1 15 2 1 1 1 1 1 188 1 1 1 1 1 3 1 1 1 1 1 1 1 1 392 1 1 1 1 189 1 1 2 2 1 1 2 1 1 3 1 1 1 1 1 2 1 1 1 2 1 1 1 1 3 2 1 1 2 2 1 1 1 1 2 1 2 1 1 1 1 276 4 1 4 1 1 2 1 2 1 2 1 2 1 1 1 1 1 1 2 
