1 1 1 2 1 1 2 1 1 2 1 1 1 1 1 1 1 2 3 2 1 1 1 1 1 1 1 3 2 1 1 1 1 1 1 1 1 1 1 2 1 1 1 266 73 1 91 2 361 235 1 3 1 1 1 2 2 1 1 1 2 2 1 381 2 1 1 3 1 1 1 2 1 1 1 1 214 1 1 1 1 1 1 1 1 1 1 1 1 2 2 1 2 1 1 2 1 1 1 1 1 2 1 31 1 1 1 1 1 1 2 1 3 1 2 1 1 2 1 2 3 1 1 1 1 1 2 1 1 1 1 1 1 1 1 1 1 1 1 1 1 1 1 274 1 1 1 1 2 1 57 1 1 1 2 1 1 1 1 1 1 1 1 1 1 1 1 56 1 1 1 2 2 1 1 1 1 1 1 1 1 1 1 1 4 2 1 4 1 1 2 1 1 1 1 1 1 1 1 1 1 2 1 1 1 1 1 1 50 1 1 1 1 1 316 2 1 1 1 47 1 1 2 1 1 1 1 1 1 2 1 2 1 1 1 1 1 2 1 1 1 2 1 1 1 2 1 1 2 2 1 363 1 1 1 1 1 3 2 1 1 1 3 2 2 1 1 339 1 1 1 1 2 1 1 1 2 2 3 1 1 1 1 1 1 2 1 1 1 2 2 2 2 1 1 2 1 1 1 1 1 1 3 1 1 2 1 2 3 2 1 1 1 1 1 1 1 1 1 1 1 1 1 2 1 1 322 1 175 1 2 1 2 1 2 1 1 2 1 2 2 1 1 3 1 2 1 1 1 1 1 1 2 1 2 1 1 313 1 2 2 1 1 1 1 1 1 1 1 1 1 2 2 1 1 1 1 1 1 1 1 1 1 1 2 1 1 1 1 1 1 1 333 97 1 395 2 1 1 2 1 1 1 1 1 2 2 1 63 4 2 1 1 1 1 2 1 20 1 2 1 
