1 1 1 3 1 5 1 1 1 1 2 1 385 1 1 1 98 2 1 1 1 1 1 2 1 70 1 1 91 1 1 1 2 2 3 1 1 1 1 2 1 2 1 1 1 1 2 278 1 1 1 1 1 1 1 1 1 2 1 1 1 2 1 1 1 1 1 1 1 1 1 1 1 134 2 2 1 3 1 1 1 1 2 1 2 2 1 251 2 1 1 1 34 1 1 1 1 1 1 2 3 1 1 1 1 1 1 4 2 1 1 1 1 1 1 1 2 2 1 1 1 1 2 1 1 1 3 1 2 1 1 1 1 1 1 1 1 1 1 1 1 1 1 3 2 2 2 1 1 2 1 1 1 1 1 1 2 2 1 1 1 2 2 1 1 1 150 4 3 1 1 1 1 1 266 1 1 1 2 1 1 1 1 2 210 1 267 1 1 2 1 1 1 1 1 1 1 1 1 1 1 1 1 1 1 3 1 2 283 1 1 2 1 1 3 1 1 1 1 2 1 1 1 1 1 1 2 2 1 1 2 1 1 2 1 2 1 1 2 1 2 1 1 1 28 1 1 1 3 1 1 1 4 1 3 1 313 1 1 1 1 1 1 1 1 1 1 1 1 2 1 1 1 1 1 1 1 1 2 1 1 2 2 1 1 1 1 1 96 2 1 1 1 1 1 1 2 1 2 1 1 1 1 1 1 1 1 2 2 1 1 1 1 3 1 1 1 1 1 1 1 1 1 1 2 2 1 1 1 2 1 1 2 1 1 1 1 1 1 1 1 1 2 2 185 1 1 1 1 1 1 2 1 1 2 1 2 1 1 207 1 1 1 1 1 2 1 1 1 1 1 1 1 1 1 1 1 1 1 1 2 1 1 1 1 1 1 1 1 1 1 1 1 1 2 2 1 1 1 1 3 1 1 1 1 1 2 1 1 1 1 1 1 3 2 1 1 255 1 1 1 
